// Jest Snapshot v1, https://goo.gl/fbAQLP

exports[`TransportMode Matches the snapshot 1`] = `
<div>
  <div
    class="makeStyles-type-2"
    data-testid="transit-type"
  >
    <div>
      <svg
        aria-hidden="true"
        class="MuiSvgIcon-root makeStyles-root-1"
        focusable="false"
        viewBox="0 0 24 24"
      >
        <path
          d="M13.5 5.5c1.1 0 2-.9 2-2s-.9-2-2-2-2 .9-2 2 .9 2 2 2zM9.8 8.9L7 23h2.1l1.8-8 2.1 2v6h2v-7.5l-2.1-2 .6-3C14.8 12 16.8 13 19 13v-2c-1.9 0-3.5-1-4.3-2.4l-1-1.6c-.4-.6-1-1-1.7-1-.3 0-.5.1-.8.1L6 8.3V13h2V9.6l1.8-.7"
        />
      </svg>
    </div>
    <div
      class="makeStyles-desc-3"
    >
      <h6
        class="MuiTypography-root makeStyles-transitDesc-6 MuiTypography-subtitle2"
      >
        Walk for 5 mins
        <span
          class="makeStyles-onTimeStatus-5"
        >
          On time
        </span>
      </h6>
    </div>
  </div>
</div>
`;
