// Jest Snapshot v1, https://goo.gl/fbAQLP

exports[`CabList test Matches the snapshot 1`] = `
<div>
  <div
    class="MuiGrid-root makeStyles-root-1 MuiGrid-container MuiGrid-spacing-xs-1 MuiGrid-direction-xs-column MuiGrid-justify-xs-center"
    data-testid="cablist-placeholder"
  >
    <div
      class="MuiGrid-root MuiGrid-item"
    >
      <div
        class="MuiGrid-root MuiGrid-container MuiGrid-align-items-xs-center"
      >
        <img
          alt="Ola"
          class="makeStyles-img-5"
          src="https://res-5.cloudinary.com/crunchbase-production/image/upload/c_lpad,h_256,w_256,f_auto,q_auto:eco/v1459446250/xx0u5xwwzygivm67ogsk.jpg"
        />
        <div
          class="MuiGrid-root MuiGrid-container MuiGrid-item MuiGrid-direction-xs-column MuiGrid-justify-xs-center MuiGrid-grid-xs-7"
        >
          <h5
            class="MuiTypography-root makeStyles-title-2 MuiTypography-h5"
          >
            Ola
          </h5>
          <p
            class="MuiTypography-root makeStyles-fare-3 MuiTypography-body2"
          >
            Approx 
            $40
          </p>
        </div>
        <h5
          class="MuiTypography-root makeStyles-book-4 MuiTypography-h5"
        >
          Book now
        </h5>
      </div>
    </div>
    <div
      class="MuiGrid-root MuiGrid-item"
    >
      <div
        class="MuiGrid-root MuiGrid-container MuiGrid-align-items-xs-center"
      >
        <img
          alt="Uber"
          class="makeStyles-img-5"
          src="https://semaine-production.s3.amazonaws.com/products/product/image/6827/large_Uber-app.jpg"
        />
        <div
          class="MuiGrid-root MuiGrid-container MuiGrid-item MuiGrid-direction-xs-column MuiGrid-justify-xs-center MuiGrid-grid-xs-7"
        >
          <h5
            class="MuiTypography-root makeStyles-title-2 MuiTypography-h5"
          >
            Uber
          </h5>
          <p
            class="MuiTypography-root makeStyles-fare-3 MuiTypography-body2"
          >
            Approx 
            $40
          </p>
        </div>
        <h5
          class="MuiTypography-root makeStyles-book-4 MuiTypography-h5"
        >
          Book now
        </h5>
      </div>
    </div>
  </div>
</div>
`;
